// Jest Snapshot v1, https://goo.gl/fbAQLP

exports[`test against valid snapshot redner as expected 1`] = `
<div
  className="top-block pink"
>
  <h2>
    0
    s ago
  </h2>
  <p>
    LAST BLOCK SEEN
  </p>
</div>
`;

exports[`test against valid snapshot redner as expected 2`] = `
<div
  className="top-block pink"
>
  <h2>
    0
    s ago
  </h2>
  <p>
    LAST BLOCK SEEN
  </p>
</div>
`;
