// Jest Snapshot v1, https://goo.gl/fbAQLP

exports[`test against valid snapshot redner as expected 1`] = `
<div
  className="col col-lg-3 col-md-3 col-sm-12 col-xs-12"
>
  <div
    className="jumbotron nodes"
  >
    <h2>
      Nodes
    </h2>
    <h3>
      Online (
      60
      )
    </h3>
     
    <hr
      style={
        Object {
          "borderColor": "#78cadd",
          "borderWidth": "3px",
        }
      }
    />
    <h4>
      Asia (
      25
      )
    </h4>
    <div
      className="node-boxes"
    >
      <a
        className="node-box"
        href="./13"
        onBlur={[Function]}
        onClick={[Function]}
        onFocus={[Function]}
        onMouseOut={[Function]}
        onMouseOver={[Function]}
        style={
          Object {
            "backgroundColor": "hsl(70.5070356325227,100%,50%)",
          }
        }
      >
        <div />
      </a>
      <a
        className="node-box"
        href="./42"
        onBlur={[Function]}
        onClick={[Function]}
        onFocus={[Function]}
        onMouseOut={[Function]}
        onMouseOver={[Function]}
        style={
          Object {
            "backgroundColor": "hsl(52.4887519563947,100%,50%)",
          }
        }
      >
        <div />
      </a>
      <a
        className="node-box"
        href="./533"
        onBlur={[Function]}
        onClick={[Function]}
        onFocus={[Function]}
        onMouseOut={[Function]}
        onMouseOver={[Function]}
        style={
          Object {
            "backgroundColor": "hsl(48.2028645520308,100%,50%)",
          }
        }
      >
        <div />
      </a>
      <a
        className="node-box"
        href="./534"
        onBlur={[Function]}
        onClick={[Function]}
        onFocus={[Function]}
        onMouseOut={[Function]}
        onMouseOver={[Function]}
        style={
          Object {
            "backgroundColor": "hsl(47.3400927928029,100%,50%)",
          }
        }
      >
        <div />
      </a>
      <a
        className="node-box"
        href="./482"
        onBlur={[Function]}
        onClick={[Function]}
        onFocus={[Function]}
        onMouseOut={[Function]}
        onMouseOver={[Function]}
        style={
          Object {
            "backgroundColor": "hsl(47.2466977883358,100%,50%)",
          }
        }
      >
        <div />
      </a>
      <a
        className="node-box"
        href="./531"
        onBlur={[Function]}
        onClick={[Function]}
        onFocus={[Function]}
        onMouseOut={[Function]}
        onMouseOver={[Function]}
        style={
          Object {
            "backgroundColor": "hsl(47.2034938481389,100%,50%)",
          }
        }
      >
        <div />
      </a>
      <a
        className="node-box"
        href="./436"
        onBlur={[Function]}
        onClick={[Function]}
        onFocus={[Function]}
        onMouseOut={[Function]}
        onMouseOver={[Function]}
        style={
          Object {
            "backgroundColor": "hsl(46.875396614172,100%,50%)",
          }
        }
      >
        <div />
      </a>
      <a
        className="node-box"
        href="./435"
        onBlur={[Function]}
        onClick={[Function]}
        onFocus={[Function]}
        onMouseOut={[Function]}
        onMouseOver={[Function]}
        style={
          Object {
            "backgroundColor": "hsl(46.8429873184282,100%,50%)",
          }
        }
      >
        <div />
      </a>
      <a
        className="node-box"
        href="./26"
        onBlur={[Function]}
        onClick={[Function]}
        onFocus={[Function]}
        onMouseOut={[Function]}
        onMouseOver={[Function]}
        style={
          Object {
            "backgroundColor": "hsl(46.7421889597056,100%,50%)",
          }
        }
      >
        <div />
      </a>
      <a
        className="node-box"
        href="./467"
        onBlur={[Function]}
        onClick={[Function]}
        onFocus={[Function]}
        onMouseOut={[Function]}
        onMouseOver={[Function]}
        style={
          Object {
            "backgroundColor": "hsl(46.6652184724808,100%,50%)",
          }
        }
      >
        <div />
      </a>
      <a
        className="node-box"
        href="./437"
        onBlur={[Function]}
        onClick={[Function]}
        onFocus={[Function]}
        onMouseOut={[Function]}
        onMouseOver={[Function]}
        style={
          Object {
            "backgroundColor": "hsl(46.4808642864227,100%,50%)",
          }
        }
      >
        <div />
      </a>
      <a
        className="node-box"
        href="./32"
        onBlur={[Function]}
        onClick={[Function]}
        onFocus={[Function]}
        onMouseOut={[Function]}
        onMouseOver={[Function]}
        style={
          Object {
            "backgroundColor": "hsl(45.5450626660366,100%,50%)",
          }
        }
      >
        <div />
      </a>
      <a
        className="node-box"
        href="./477"
        onBlur={[Function]}
        onClick={[Function]}
        onFocus={[Function]}
        onMouseOut={[Function]}
        onMouseOver={[Function]}
        style={
          Object {
            "backgroundColor": "hsl(44.6783125400543,100%,50%)",
          }
        }
      >
        <div />
      </a>
      <a
        className="node-box"
        href="./506"
        onBlur={[Function]}
        onClick={[Function]}
        onFocus={[Function]}
        onMouseOut={[Function]}
        onMouseOver={[Function]}
        style={
          Object {
            "backgroundColor": "hsl(44.1241413354874,100%,50%)",
          }
        }
      >
        <div />
      </a>
      <a
        className="node-box"
        href="./28"
        onBlur={[Function]}
        onClick={[Function]}
        onFocus={[Function]}
        onMouseOut={[Function]}
        onMouseOver={[Function]}
        style={
          Object {
            "backgroundColor": "hsl(43.2857617431757,100%,50%)",
          }
        }
      >
        <div />
      </a>
      <a
        className="node-box"
        href="./508"
        onBlur={[Function]}
        onClick={[Function]}
        onFocus={[Function]}
        onMouseOut={[Function]}
        onMouseOver={[Function]}
        style={
          Object {
            "backgroundColor": "hsl(43.0315732955933,100%,50%)",
          }
        }
      >
        <div />
      </a>
      <a
        className="node-box"
        href="./465"
        onBlur={[Function]}
        onClick={[Function]}
        onFocus={[Function]}
        onMouseOut={[Function]}
        onMouseOver={[Function]}
        style={
          Object {
            "backgroundColor": "hsl(41.8799161911011,100%,50%)",
          }
        }
      >
        <div />
      </a>
      <a
        className="node-box"
        href="./500"
        onBlur={[Function]}
        onClick={[Function]}
        onFocus={[Function]}
        onMouseOut={[Function]}
        onMouseOver={[Function]}
        style={
          Object {
            "backgroundColor": "hsl(40.5329051066418,100%,50%)",
          }
        }
      >
        <div />
      </a>
      <a
        className="node-box"
        href="./1"
        onBlur={[Function]}
        onClick={[Function]}
        onFocus={[Function]}
        onMouseOut={[Function]}
        onMouseOver={[Function]}
        style={
          Object {
            "backgroundColor": "hsl(40.4962512303372,100%,50%)",
          }
        }
      >
        <div />
      </a>
      <a
        className="node-box"
        href="./30"
        onBlur={[Function]}
        onClick={[Function]}
        onFocus={[Function]}
        onMouseOut={[Function]}
        onMouseOver={[Function]}
        style={
          Object {
            "backgroundColor": "hsl(40.3469088126202,100%,50%)",
          }
        }
      >
        <div />
      </a>
      <a
        className="node-box"
        href="./0"
        onBlur={[Function]}
        onClick={[Function]}
        onFocus={[Function]}
        onMouseOut={[Function]}
        onMouseOver={[Function]}
        style={
          Object {
            "backgroundColor": "hsl(31.1224489795918,100%,50%)",
          }
        }
      >
        <div />
      </a>
      <a
        className="node-box"
        href="./507"
        onBlur={[Function]}
        onClick={[Function]}
        onFocus={[Function]}
        onMouseOut={[Function]}
        onMouseOver={[Function]}
        style={
          Object {
            "backgroundColor": "hsl(29.9796785554107,100%,50%)",
          }
        }
      >
        <div />
      </a>
      <a
        className="node-box"
        href="./2"
        onBlur={[Function]}
        onClick={[Function]}
        onFocus={[Function]}
        onMouseOut={[Function]}
        onMouseOver={[Function]}
        style={
          Object {
            "backgroundColor": "hsl(29.5918367346939,100%,50%)",
          }
        }
      >
        <div />
      </a>
      <a
        className="node-box"
        href="./431"
        onBlur={[Function]}
        onClick={[Function]}
        onFocus={[Function]}
        onMouseOut={[Function]}
        onMouseOver={[Function]}
        style={
          Object {
            "backgroundColor": "hsl(28.5714285714286,100%,50%)",
          }
        }
      >
        <div />
      </a>
      <a
        className="node-box"
        href="./3"
        onBlur={[Function]}
        onClick={[Function]}
        onFocus={[Function]}
        onMouseOut={[Function]}
        onMouseOver={[Function]}
        style={
          Object {
            "backgroundColor": "hsl(25.5102040816327,100%,50%)",
          }
        }
      >
        <div />
      </a>
    </div>
    <h4>
      Europe (
      20
      )
    </h4>
    <div
      className="node-boxes"
    >
      <a
        className="node-box"
        href="./38"
        onBlur={[Function]}
        onClick={[Function]}
        onFocus={[Function]}
        onMouseOut={[Function]}
        onMouseOver={[Function]}
        style={
          Object {
            "backgroundColor": "hsl(87.2802134071078,100%,50%)",
          }
        }
      >
        <div />
      </a>
      <a
        className="node-box"
        href="./473"
        onBlur={[Function]}
        onClick={[Function]}
        onFocus={[Function]}
        onMouseOut={[Function]}
        onMouseOver={[Function]}
        style={
          Object {
            "backgroundColor": "hsl(73.7226672318517,100%,50%)",
          }
        }
      >
        <div />
      </a>
      <a
        className="node-box"
        href="./40"
        onBlur={[Function]}
        onClick={[Function]}
        onFocus={[Function]}
        onMouseOut={[Function]}
        onMouseOver={[Function]}
        style={
          Object {
            "backgroundColor": "hsl(51.8527139960503,100%,50%)",
          }
        }
      >
        <div />
      </a>
      <a
        className="node-box"
        href="./41"
        onBlur={[Function]}
        onClick={[Function]}
        onFocus={[Function]}
        onMouseOut={[Function]}
        onMouseOver={[Function]}
        style={
          Object {
            "backgroundColor": "hsl(51.4300033389306,100%,50%)",
          }
        }
      >
        <div />
      </a>
      <a
        className="node-box"
        href="./519"
        onBlur={[Function]}
        onClick={[Function]}
        onFocus={[Function]}
        onMouseOut={[Function]}
        onMouseOver={[Function]}
        style={
          Object {
            "backgroundColor": "hsl(51.0156052501834,100%,50%)",
          }
        }
      >
        <div />
      </a>
      <a
        className="node-box"
        href="./444"
        onBlur={[Function]}
        onClick={[Function]}
        onFocus={[Function]}
        onMouseOut={[Function]}
        onMouseOver={[Function]}
        style={
          Object {
            "backgroundColor": "hsl(49.222615867245,100%,50%)",
          }
        }
      >
        <div />
      </a>
      <a
        className="node-box"
        href="./445"
        onBlur={[Function]}
        onClick={[Function]}
        onFocus={[Function]}
        onMouseOut={[Function]}
        onMouseOver={[Function]}
        style={
          Object {
            "backgroundColor": "hsl(48.4727531914808,100%,50%)",
          }
        }
      >
        <div />
      </a>
      <a
        className="node-box"
        href="./438"
        onBlur={[Function]}
        onClick={[Function]}
        onFocus={[Function]}
        onMouseOut={[Function]}
        onMouseOver={[Function]}
        style={
          Object {
            "backgroundColor": "hsl(48.4298949338952,100%,50%)",
          }
        }
      >
        <div />
      </a>
      <a
        className="node-box"
        href="./7"
        onBlur={[Function]}
        onClick={[Function]}
        onFocus={[Function]}
        onMouseOut={[Function]}
        onMouseOver={[Function]}
        style={
          Object {
            "backgroundColor": "hsl(47.8203567315121,100%,50%)",
          }
        }
      >
        <div />
      </a>
      <a
        className="node-box"
        href="./449"
        onBlur={[Function]}
        onClick={[Function]}
        onFocus={[Function]}
        onMouseOut={[Function]}
        onMouseOver={[Function]}
        style={
          Object {
            "backgroundColor": "hsl(47.5707441617031,100%,50%)",
          }
        }
      >
        <div />
      </a>
      <a
        className="node-box"
        href="./536"
        onBlur={[Function]}
        onClick={[Function]}
        onFocus={[Function]}
        onMouseOut={[Function]}
        onMouseOver={[Function]}
        style={
          Object {
            "backgroundColor": "hsl(47.2506122929709,100%,50%)",
          }
        }
      >
        <div />
      </a>
      <a
        className="node-box"
        href="./535"
        onBlur={[Function]}
        onClick={[Function]}
        onFocus={[Function]}
        onMouseOut={[Function]}
        onMouseOver={[Function]}
        style={
          Object {
            "backgroundColor": "hsl(47.1467362982886,100%,50%)",
          }
        }
      >
        <div />
      </a>
      <a
        className="node-box"
        href="./450"
        onBlur={[Function]}
        onClick={[Function]}
        onFocus={[Function]}
        onMouseOut={[Function]}
        onMouseOver={[Function]}
        style={
          Object {
            "backgroundColor": "hsl(47.0887035131454,100%,50%)",
          }
        }
      >
        <div />
      </a>
      <a
        className="node-box"
        href="./31"
        onBlur={[Function]}
        onClick={[Function]}
        onFocus={[Function]}
        onMouseOut={[Function]}
        onMouseOver={[Function]}
        style={
          Object {
            "backgroundColor": "hsl(47.0783025026321,100%,50%)",
          }
        }
      >
        <div />
      </a>
      <a
        className="node-box"
        href="./44"
        onBlur={[Function]}
        onClick={[Function]}
        onFocus={[Function]}
        onMouseOut={[Function]}
        onMouseOver={[Function]}
        style={
          Object {
            "backgroundColor": "hsl(46.2954849004745,100%,50%)",
          }
        }
      >
        <div />
      </a>
      <a
        className="node-box"
        href="./25"
        onBlur={[Function]}
        onClick={[Function]}
        onFocus={[Function]}
        onMouseOut={[Function]}
        onMouseOver={[Function]}
        style={
          Object {
            "backgroundColor": "hsl(44.9925788689633,100%,50%)",
          }
        }
      >
        <div />
      </a>
      <a
        className="node-box"
        href="./27"
        onBlur={[Function]}
        onClick={[Function]}
        onFocus={[Function]}
        onMouseOut={[Function]}
        onMouseOver={[Function]}
        style={
          Object {
            "backgroundColor": "hsl(44.512611870863,100%,50%)",
          }
        }
      >
        <div />
      </a>
      <a
        className="node-box"
        href="./29"
        onBlur={[Function]}
        onClick={[Function]}
        onFocus={[Function]}
        onMouseOut={[Function]}
        onMouseOver={[Function]}
        style={
          Object {
            "backgroundColor": "hsl(44.0028220415115,100%,50%)",
          }
        }
      >
        <div />
      </a>
      <a
        className="node-box"
        href="./48"
        onBlur={[Function]}
        onClick={[Function]}
        onFocus={[Function]}
        onMouseOut={[Function]}
        onMouseOver={[Function]}
        style={
          Object {
            "backgroundColor": "hsl(43.9048796892166,100%,50%)",
          }
        }
      >
        <div />
      </a>
      <a
        className="node-box"
        href="./49"
        onBlur={[Function]}
        onClick={[Function]}
        onFocus={[Function]}
        onMouseOut={[Function]}
        onMouseOver={[Function]}
        style={
          Object {
            "backgroundColor": "hsl(34.8679329351503,100%,50%)",
          }
        }
      >
        <div />
      </a>
    </div>
    <h4>
      Americas (
      15
      )
    </h4>
    <div
      className="node-boxes"
    >
      <a
        className="node-box"
        href="./37"
        onBlur={[Function]}
        onClick={[Function]}
        onFocus={[Function]}
        onMouseOut={[Function]}
        onMouseOver={[Function]}
        style={
          Object {
            "backgroundColor": "hsl(88.8928376898474,100%,50%)",
          }
        }
      >
        <div />
      </a>
      <a
        className="node-box"
        href="./10"
        onBlur={[Function]}
        onClick={[Function]}
        onFocus={[Function]}
        onMouseOut={[Function]}
        onMouseOver={[Function]}
        style={
          Object {
            "backgroundColor": "hsl(77.4375900419391,100%,50%)",
          }
        }
      >
        <div />
      </a>
      <a
        className="node-box"
        href="./11"
        onBlur={[Function]}
        onClick={[Function]}
        onFocus={[Function]}
        onMouseOut={[Function]}
        onMouseOver={[Function]}
        style={
          Object {
            "backgroundColor": "hsl(69.9064411362823,100%,50%)",
          }
        }
      >
        <div />
      </a>
      <a
        className="node-box"
        href="./12"
        onBlur={[Function]}
        onClick={[Function]}
        onFocus={[Function]}
        onMouseOut={[Function]}
        onMouseOver={[Function]}
        style={
          Object {
            "backgroundColor": "hsl(65.8312604719279,100%,50%)",
          }
        }
      >
        <div />
      </a>
      <a
        className="node-box"
        href="./446"
        onBlur={[Function]}
        onClick={[Function]}
        onFocus={[Function]}
        onMouseOut={[Function]}
        onMouseOver={[Function]}
        style={
          Object {
            "backgroundColor": "hsl(51.3073275283891,100%,50%)",
          }
        }
      >
        <div />
      </a>
      <a
        className="node-box"
        href="./14"
        onBlur={[Function]}
        onClick={[Function]}
        onFocus={[Function]}
        onMouseOut={[Function]}
        onMouseOver={[Function]}
        style={
          Object {
            "backgroundColor": "hsl(50.3420092013417,100%,50%)",
          }
        }
      >
        <div />
      </a>
      <a
        className="node-box"
        href="./43"
        onBlur={[Function]}
        onClick={[Function]}
        onFocus={[Function]}
        onMouseOut={[Function]}
        onMouseOver={[Function]}
        style={
          Object {
            "backgroundColor": "hsl(50.1965507609504,100%,50%)",
          }
        }
      >
        <div />
      </a>
      <a
        className="node-box"
        href="./15"
        onBlur={[Function]}
        onClick={[Function]}
        onFocus={[Function]}
        onMouseOut={[Function]}
        onMouseOver={[Function]}
        style={
          Object {
            "backgroundColor": "hsl(49.8581324913064,100%,50%)",
          }
        }
      >
        <div />
      </a>
      <a
        className="node-box"
        href="./456"
        onBlur={[Function]}
        onClick={[Function]}
        onFocus={[Function]}
        onMouseOut={[Function]}
        onMouseOver={[Function]}
        style={
          Object {
            "backgroundColor": "hsl(49.3652820587158,100%,50%)",
          }
        }
      >
        <div />
      </a>
      <a
        className="node-box"
        href="./458"
        onBlur={[Function]}
        onClick={[Function]}
        onFocus={[Function]}
        onMouseOut={[Function]}
        onMouseOver={[Function]}
        style={
          Object {
            "backgroundColor": "hsl(49.2573976516724,100%,50%)",
          }
        }
      >
        <div />
      </a>
      <a
        className="node-box"
        href="./491"
        onBlur={[Function]}
        onClick={[Function]}
        onFocus={[Function]}
        onMouseOut={[Function]}
        onMouseOver={[Function]}
        style={
          Object {
            "backgroundColor": "hsl(49.2423564195633,100%,50%)",
          }
        }
      >
        <div />
      </a>
      <a
        className="node-box"
        href="./447"
        onBlur={[Function]}
        onClick={[Function]}
        onFocus={[Function]}
        onMouseOut={[Function]}
        onMouseOver={[Function]}
        style={
          Object {
            "backgroundColor": "hsl(47.2191661596298,100%,50%)",
          }
        }
      >
        <div />
      </a>
      <a
        className="node-box"
        href="./528"
        onBlur={[Function]}
        onClick={[Function]}
        onFocus={[Function]}
        onMouseOut={[Function]}
        onMouseOver={[Function]}
        style={
          Object {
            "backgroundColor": "hsl(46.1796318389931,100%,50%)",
          }
        }
      >
        <div />
      </a>
      <a
        className="node-box"
        href="./511"
        onBlur={[Function]}
        onClick={[Function]}
        onFocus={[Function]}
        onMouseOut={[Function]}
        onMouseOver={[Function]}
        style={
          Object {
            "backgroundColor": "hsl(45.7597544339238,100%,50%)",
          }
        }
      >
        <div />
      </a>
      <a
        className="node-box"
        href="./510"
        onBlur={[Function]}
        onClick={[Function]}
        onFocus={[Function]}
        onMouseOut={[Function]}
        onMouseOver={[Function]}
        style={
          Object {
            "backgroundColor": "hsl(25,100%,50%)",
          }
        }
      >
        <div />
      </a>
    </div>
    <br />
    <h3
      style={
        Object {
          "clear": "left",
          "paddingTop": "2rem",
        }
      }
    >
      Offline (
      34
      )
    </h3>
     
    <hr
      style={
        Object {
          "borderColor": "#78cadd",
          "borderWidth": "3px",
        }
      }
    />
    <h4>
      Asia (
      17
      )
    </h4>
    <div
      className="node-boxes"
    >
      <a
        className="node-box"
        href="./516"
        onBlur={[Function]}
        onClick={[Function]}
        onFocus={[Function]}
        onMouseOut={[Function]}
        onMouseOver={[Function]}
        style={
          Object {
            "backgroundColor": "hsl(31.4030612244898,100%,50%)",
          }
        }
      >
        <div />
      </a>
      <a
        className="node-box"
        href="./9"
        onBlur={[Function]}
        onClick={[Function]}
        onFocus={[Function]}
        onMouseOut={[Function]}
        onMouseOver={[Function]}
        style={
          Object {
            "backgroundColor": "hsl(30.6428571428571,100%,50%)",
          }
        }
      >
        <div />
      </a>
      <a
        className="node-box"
        href="./481"
        onBlur={[Function]}
        onClick={[Function]}
        onFocus={[Function]}
        onMouseOut={[Function]}
        onMouseOver={[Function]}
        style={
          Object {
            "backgroundColor": "hsl(27.5510204081633,100%,50%)",
          }
        }
      >
        <div />
      </a>
      <a
        className="node-box"
        href="./479"
        onBlur={[Function]}
        onClick={[Function]}
        onFocus={[Function]}
        onMouseOut={[Function]}
        onMouseOver={[Function]}
        style={
          Object {
            "backgroundColor": "hsl(27.5510204081633,100%,50%)",
          }
        }
      >
        <div />
      </a>
      <a
        className="node-box"
        href="./461"
        onBlur={[Function]}
        onClick={[Function]}
        onFocus={[Function]}
        onMouseOut={[Function]}
        onMouseOver={[Function]}
        style={
          Object {
            "backgroundColor": "hsl(27.0510204081633,100%,50%)",
          }
        }
      >
        <div />
      </a>
      <a
        className="node-box"
        href="./478"
        onBlur={[Function]}
        onClick={[Function]}
        onFocus={[Function]}
        onMouseOut={[Function]}
        onMouseOver={[Function]}
        style={
          Object {
            "backgroundColor": "hsl(26.530612244898,100%,50%)",
          }
        }
      >
        <div />
      </a>
      <a
        className="node-box"
        href="./489"
        onBlur={[Function]}
        onClick={[Function]}
        onFocus={[Function]}
        onMouseOut={[Function]}
        onMouseOver={[Function]}
        style={
          Object {
            "backgroundColor": "hsl(26.530612244898,100%,50%)",
          }
        }
      >
        <div />
      </a>
      <a
        className="node-box"
        href="./480"
        onBlur={[Function]}
        onClick={[Function]}
        onFocus={[Function]}
        onMouseOut={[Function]}
        onMouseOver={[Function]}
        style={
          Object {
            "backgroundColor": "hsl(26.530612244898,100%,50%)",
          }
        }
      >
        <div />
      </a>
      <a
        className="node-box"
        href="./486"
        onBlur={[Function]}
        onClick={[Function]}
        onFocus={[Function]}
        onMouseOut={[Function]}
        onMouseOver={[Function]}
        style={
          Object {
            "backgroundColor": "hsl(26.0204081632653,100%,50%)",
          }
        }
      >
        <div />
      </a>
      <a
        className="node-box"
        href="./490"
        onBlur={[Function]}
        onClick={[Function]}
        onFocus={[Function]}
        onMouseOut={[Function]}
        onMouseOver={[Function]}
        style={
          Object {
            "backgroundColor": "hsl(25,100%,50%)",
          }
        }
      >
        <div />
      </a>
      <a
        className="node-box"
        href="./5"
        onBlur={[Function]}
        onClick={[Function]}
        onFocus={[Function]}
        onMouseOut={[Function]}
        onMouseOver={[Function]}
        style={
          Object {
            "backgroundColor": "hsl(25,100%,50%)",
          }
        }
      >
        <div />
      </a>
      <a
        className="node-box"
        href="./4"
        onBlur={[Function]}
        onClick={[Function]}
        onFocus={[Function]}
        onMouseOut={[Function]}
        onMouseOver={[Function]}
        style={
          Object {
            "backgroundColor": "hsl(25,100%,50%)",
          }
        }
      >
        <div />
      </a>
      <a
        className="node-box"
        href="./494"
        onBlur={[Function]}
        onClick={[Function]}
        onFocus={[Function]}
        onMouseOut={[Function]}
        onMouseOver={[Function]}
        style={
          Object {
            "backgroundColor": "hsl(24.0102040816327,100%,50%)",
          }
        }
      >
        <div />
      </a>
      <a
        className="node-box"
        href="./466"
        onBlur={[Function]}
        onClick={[Function]}
        onFocus={[Function]}
        onMouseOut={[Function]}
        onMouseOver={[Function]}
        style={
          Object {
            "backgroundColor": "hsl(22.8010204081633,100%,50%)",
          }
        }
      >
        <div />
      </a>
      <a
        className="node-box"
        href="./8"
        onBlur={[Function]}
        onClick={[Function]}
        onFocus={[Function]}
        onMouseOut={[Function]}
        onMouseOver={[Function]}
        style={
          Object {
            "backgroundColor": "hsl(18.8622448979592,100%,50%)",
          }
        }
      >
        <div />
      </a>
      <a
        className="node-box"
        href="./454"
        onBlur={[Function]}
        onClick={[Function]}
        onFocus={[Function]}
        onMouseOut={[Function]}
        onMouseOver={[Function]}
        style={
          Object {
            "backgroundColor": "hsl(18.5,100%,50%)",
          }
        }
      >
        <div />
      </a>
      <a
        className="node-box"
        href="./440"
        onBlur={[Function]}
        onClick={[Function]}
        onFocus={[Function]}
        onMouseOut={[Function]}
        onMouseOver={[Function]}
        style={
          Object {
            "backgroundColor": "hsl(3.03061224489796,100%,50%)",
          }
        }
      >
        <div />
      </a>
    </div>
    <h4>
      Europe (
      4
      )
    </h4>
    <div
      className="node-boxes"
    >
      <a
        className="node-box"
        href="./39"
        onBlur={[Function]}
        onClick={[Function]}
        onFocus={[Function]}
        onMouseOut={[Function]}
        onMouseOver={[Function]}
        style={
          Object {
            "backgroundColor": "hsl(50,100%,50%)",
          }
        }
      >
        <div />
      </a>
      <a
        className="node-box"
        href="./452"
        onBlur={[Function]}
        onClick={[Function]}
        onFocus={[Function]}
        onMouseOut={[Function]}
        onMouseOver={[Function]}
        style={
          Object {
            "backgroundColor": "hsl(26.3928571428571,100%,50%)",
          }
        }
      >
        <div />
      </a>
      <a
        className="node-box"
        href="./529"
        onBlur={[Function]}
        onClick={[Function]}
        onFocus={[Function]}
        onMouseOut={[Function]}
        onMouseOver={[Function]}
        style={
          Object {
            "backgroundColor": "hsl(26.0204081632653,100%,50%)",
          }
        }
      >
        <div />
      </a>
      <a
        className="node-box"
        href="./451"
        onBlur={[Function]}
        onClick={[Function]}
        onFocus={[Function]}
        onMouseOut={[Function]}
        onMouseOver={[Function]}
        style={
          Object {
            "backgroundColor": "hsl(20.0204081632653,100%,50%)",
          }
        }
      >
        <div />
      </a>
    </div>
    <h4>
      Americas (
      13
      )
    </h4>
    <div
      className="node-boxes"
    >
      <a
        className="node-box"
        href="./36"
        onBlur={[Function]}
        onClick={[Function]}
        onFocus={[Function]}
        onMouseOut={[Function]}
        onMouseOver={[Function]}
        style={
          Object {
            "backgroundColor": "hsl(50,100%,50%)",
          }
        }
      >
        <div />
      </a>
      <a
        className="node-box"
        href="./487"
        onBlur={[Function]}
        onClick={[Function]}
        onFocus={[Function]}
        onMouseOut={[Function]}
        onMouseOver={[Function]}
        style={
          Object {
            "backgroundColor": "hsl(27.0408163265306,100%,50%)",
          }
        }
      >
        <div />
      </a>
      <a
        className="node-box"
        href="./6"
        onBlur={[Function]}
        onClick={[Function]}
        onFocus={[Function]}
        onMouseOut={[Function]}
        onMouseOver={[Function]}
        style={
          Object {
            "backgroundColor": "hsl(25.5102040816327,100%,50%)",
          }
        }
      >
        <div />
      </a>
      <a
        className="node-box"
        href="./16"
        onBlur={[Function]}
        onClick={[Function]}
        onFocus={[Function]}
        onMouseOut={[Function]}
        onMouseOver={[Function]}
        style={
          Object {
            "backgroundColor": "hsl(25.5102040816327,100%,50%)",
          }
        }
      >
        <div />
      </a>
      <a
        className="node-box"
        href="./459"
        onBlur={[Function]}
        onClick={[Function]}
        onFocus={[Function]}
        onMouseOut={[Function]}
        onMouseOver={[Function]}
        style={
          Object {
            "backgroundColor": "hsl(23.7602040816327,100%,50%)",
          }
        }
      >
        <div />
      </a>
      <a
        className="node-box"
        href="./470"
        onBlur={[Function]}
        onClick={[Function]}
        onFocus={[Function]}
        onMouseOut={[Function]}
        onMouseOver={[Function]}
        style={
          Object {
            "backgroundColor": "hsl(22.5,100%,50%)",
          }
        }
      >
        <div />
      </a>
      <a
        className="node-box"
        href="./453"
        onBlur={[Function]}
        onClick={[Function]}
        onFocus={[Function]}
        onMouseOut={[Function]}
        onMouseOver={[Function]}
        style={
          Object {
            "backgroundColor": "hsl(19.7704081632653,100%,50%)",
          }
        }
      >
        <div />
      </a>
      <a
        className="node-box"
        href="./17"
        onBlur={[Function]}
        onClick={[Function]}
        onFocus={[Function]}
        onMouseOut={[Function]}
        onMouseOver={[Function]}
        style={
          Object {
            "backgroundColor": "hsl(18.0204081632653,100%,50%)",
          }
        }
      >
        <div />
      </a>
      <a
        className="node-box"
        href="./18"
        onBlur={[Function]}
        onClick={[Function]}
        onFocus={[Function]}
        onMouseOut={[Function]}
        onMouseOver={[Function]}
        style={
          Object {
            "backgroundColor": "hsl(17.0102040816327,100%,50%)",
          }
        }
      >
        <div />
      </a>
      <a
        className="node-box"
        href="./439"
        onBlur={[Function]}
        onClick={[Function]}
        onFocus={[Function]}
        onMouseOut={[Function]}
        onMouseOver={[Function]}
        style={
          Object {
            "backgroundColor": "hsl(15,100%,50%)",
          }
        }
      >
        <div />
      </a>
      <a
        className="node-box"
        href="./505"
        onBlur={[Function]}
        onClick={[Function]}
        onFocus={[Function]}
        onMouseOut={[Function]}
        onMouseOver={[Function]}
        style={
          Object {
            "backgroundColor": "hsl(12.8826530612245,100%,50%)",
          }
        }
      >
        <div />
      </a>
      <a
        className="node-box"
        href="./442"
        onBlur={[Function]}
        onClick={[Function]}
        onFocus={[Function]}
        onMouseOut={[Function]}
        onMouseOver={[Function]}
        style={
          Object {
            "backgroundColor": "hsl(12.2602040816327,100%,50%)",
          }
        }
      >
        <div />
      </a>
      <a
        className="node-box"
        href="./457"
        onBlur={[Function]}
        onClick={[Function]}
        onFocus={[Function]}
        onMouseOut={[Function]}
        onMouseOver={[Function]}
        style={
          Object {
            "backgroundColor": "hsl(11.5,100%,50%)",
          }
        }
      >
        <div />
      </a>
    </div>
  </div>
</div>
`;
